
> prior-cryptotracker@0.1.0 build
> set NODE_OPTIONS=--openssl-legacy-provider && set "CI=false" && react-scripts build

npm : 'react-scripts' is not recognized as an internal or external command,
At line:1 char:69
+ ... ve\Desktop\PRIOR - CRYPTOTRACKER WEBSITE"; npm run build 2>&1 | Tee-O ...
+                                                ~~~~~~~~~~~~~~~~~~
    + CategoryInfo          : NotSpecified: ('react-scripts'...ternal command,:String) [], RemoteException
    + FullyQualifiedErrorId : NativeCommandError
 
operable program or batch file.
